{
  "id": 1,
  "lot": "0196",
  "control_code": "56248",
  "manufacturer_name": "RENAULT",
  "manufacture_year": 2007,
  "model_name": "CLIO 16VS",
  "model_year": 2007,
  "bid_date": "21/08/2020 - 13:24",
  "bid_value": 0,
  "bid_user": "-"
}