{
  "id": 9999,
  "lot": "9999",
  "control_code": "15542",
  "manufacturer_name": "RENAULT",
  "manufacture_year": 2007,
  "model_name": "CLIO 16VS",
  "model_year": 2007,
  "bid": {
    "date": "2020-08-21T13:24:00Z",
    "value": 100,
    "user": "mssilva"
  },
  "links": [
    {
      "rel": "self",
      "method": "GET",
      "uri": "/v1/auction/vehicles/9999"
    },
    {
      "rel": "self",
      "method": "PUT",
      "uri": "/v1/auction/vehicles/9999"
    },
    {
      "rel": "self",
      "method": "DELETE",
      "uri": "/v1/auction/vehicles/9999"
    }
  ]
}